exports[`Scorecard renders correctly Even par 1`] = `
<ScrollView
  dataSource={
    ListViewDataSource {
      "items": 2,
    }
  }
  initialListSize={10}
  onContentSizeChange={[Function]}
  onEndReachedThreshold={1000}
  onKeyboardDidHide={undefined}
  onKeyboardDidShow={undefined}
  onKeyboardWillHide={undefined}
  onKeyboardWillShow={undefined}
  onLayout={[Function]}
  onScroll={[Function]}
  pageSize={1}
  removeClippedSubviews={true}
  renderFooter={[Function]}
  renderHeader={[Function]}
  renderRow={[Function]}
  scrollEventThrottle={50}
  scrollRenderAheadDistance={1000}
  stickyHeaderIndices={Array []}
  style={
    Object {
      "backgroundColor": "#3E2723",
      "flex": 1,
      "paddingTop": 64,
    }
  }>
  <View
    style={
      Object {
        "borderBottomWidth": 1,
        "borderColor": "#E65100",
        "flex": 1,
        "flexDirection": "row",
        "justifyContent": "space-between",
        "padding": 5,
      }
    }>
    <View
      style={
        Object {
          "alignItems": "flex-start",
          "flex": 1,
        }
      }>
      <Text
        accessible={true}
        allowFontScaling={true}
        ellipsizeMode="tail"
        numberOfLines={1}
        style={
          Object {
            "color": "#EEE5E9",
            "fontSize": 20,
          }
        }>
        # (par)
      </Text>
    </View>
    <View
      style={
        Object {
          "alignItems": "center",
          "flex": 1,
        }
      }>
      <Text
        accessible={true}
        allowFontScaling={true}
        ellipsizeMode="tail"
        numberOfLines={1}
        style={
          Object {
            "color": "#EEE5E9",
            "fontSize": 20,
          }
        }>
        keijo
      </Text>
    </View>
    <View
      style={
        Object {
          "alignItems": "center",
          "flex": 1,
        }
      }>
      <Text
        accessible={true}
        allowFontScaling={true}
        ellipsizeMode="tail"
        numberOfLines={1}
        style={
          Object {
            "color": "#EEE5E9",
            "fontSize": 20,
          }
        }>
        Pertti
      </Text>
    </View>
  </View>
  <View
    style={
      Object {
        "borderBottomWidth": 1,
        "borderColor": "#E65100",
        "flex": 1,
        "flexDirection": "row",
        "justifyContent": "space-between",
        "padding": 5,
      }
    }>
    <View
      style={
        Object {
          "alignItems": "flex-start",
          "flex": 1,
        }
      }>
      <Text
        accessible={true}
        allowFontScaling={true}
        ellipsizeMode="tail"
        numberOfLines={1}
        style={
          Object {
            "color": "#EEE5E9",
            "fontSize": 20,
          }
        }>
        1 (5)
      </Text>
    </View>
    <View
      style={
        Object {
          "alignItems": "center",
          "flex": 1,
        }
      }>
      <Text
        accessible={true}
        allowFontScaling={true}
        ellipsizeMode="tail"
        numberOfLines={1}
        style={
          Object {
            "color": "#EEE5E9",
            "fontSize": 20,
          }
        }>
        5
      </Text>
    </View>
    <View
      style={
        Object {
          "alignItems": "center",
          "flex": 1,
        }
      }>
      <Text
        accessible={true}
        allowFontScaling={true}
        ellipsizeMode="tail"
        numberOfLines={1}
        style={
          Object {
            "color": "#EEE5E9",
            "fontSize": 20,
          }
        }>
        5
      </Text>
    </View>
  </View>
  <View
    style={
      Object {
        "borderBottomWidth": 1,
        "borderColor": "#E65100",
        "flex": 1,
        "flexDirection": "row",
        "justifyContent": "space-between",
        "padding": 5,
      }
    }>
    <View
      style={
        Object {
          "alignItems": "flex-start",
          "flex": 1,
        }
      }>
      <Text
        accessible={true}
        allowFontScaling={true}
        ellipsizeMode="tail"
        numberOfLines={1}
        style={
          Object {
            "color": "#EEE5E9",
            "fontSize": 20,
          }
        }>
        2 (5)
      </Text>
    </View>
    <View
      style={
        Object {
          "alignItems": "center",
          "flex": 1,
        }
      }>
      <Text
        accessible={true}
        allowFontScaling={true}
        ellipsizeMode="tail"
        numberOfLines={1}
        style={
          Object {
            "color": "#EEE5E9",
            "fontSize": 20,
          }
        }>
        5
      </Text>
    </View>
    <View
      style={
        Object {
          "alignItems": "center",
          "flex": 1,
        }
      }>
      <Text
        accessible={true}
        allowFontScaling={true}
        ellipsizeMode="tail"
        numberOfLines={1}
        style={
          Object {
            "color": "#EEE5E9",
            "fontSize": 20,
          }
        }>
        5
      </Text>
    </View>
  </View>
  <View
    style={
      Object {
        "borderBottomWidth": 1,
        "borderColor": "#E65100",
        "flex": 1,
        "flexDirection": "row",
        "justifyContent": "space-between",
        "padding": 5,
      }
    }>
    <View
      style={
        Object {
          "alignItems": "flex-start",
          "flex": 1,
        }
      }>
      <Text
        accessible={true}
        allowFontScaling={true}
        ellipsizeMode="tail"
        numberOfLines={1}
        style={
          Object {
            "color": "#EEE5E9",
            "fontSize": 20,
          }
        }>
        (10)
      </Text>
    </View>
    <View
      style={
        Object {
          "alignItems": "center",
          "flex": 1,
        }
      }>
      <Text
        accessible={true}
        allowFontScaling={true}
        ellipsizeMode="tail"
        numberOfLines={1}
        style={
          Object {
            "color": "#EEE5E9",
            "fontSize": 20,
          }
        }>
        10 (0)
      </Text>
    </View>
    <View
      style={
        Object {
          "alignItems": "center",
          "flex": 1,
        }
      }>
      <Text
        accessible={true}
        allowFontScaling={true}
        ellipsizeMode="tail"
        numberOfLines={1}
        style={
          Object {
            "color": "#EEE5E9",
            "fontSize": 20,
          }
        }>
        10 (0)
      </Text>
    </View>
  </View>
</ScrollView>
`;

exports[`Scorecard renders correctly Over par 1`] = `
<ScrollView
  dataSource={
    ListViewDataSource {
      "items": 2,
    }
  }
  initialListSize={10}
  onContentSizeChange={[Function]}
  onEndReachedThreshold={1000}
  onKeyboardDidHide={undefined}
  onKeyboardDidShow={undefined}
  onKeyboardWillHide={undefined}
  onKeyboardWillShow={undefined}
  onLayout={[Function]}
  onScroll={[Function]}
  pageSize={1}
  removeClippedSubviews={true}
  renderFooter={[Function]}
  renderHeader={[Function]}
  renderRow={[Function]}
  scrollEventThrottle={50}
  scrollRenderAheadDistance={1000}
  stickyHeaderIndices={Array []}
  style={
    Object {
      "backgroundColor": "#3E2723",
      "flex": 1,
      "paddingTop": 64,
    }
  }>
  <View
    style={
      Object {
        "borderBottomWidth": 1,
        "borderColor": "#E65100",
        "flex": 1,
        "flexDirection": "row",
        "justifyContent": "space-between",
        "padding": 5,
      }
    }>
    <View
      style={
        Object {
          "alignItems": "flex-start",
          "flex": 1,
        }
      }>
      <Text
        accessible={true}
        allowFontScaling={true}
        ellipsizeMode="tail"
        numberOfLines={1}
        style={
          Object {
            "color": "#EEE5E9",
            "fontSize": 20,
          }
        }>
        # (par)
      </Text>
    </View>
    <View
      style={
        Object {
          "alignItems": "center",
          "flex": 1,
        }
      }>
      <Text
        accessible={true}
        allowFontScaling={true}
        ellipsizeMode="tail"
        numberOfLines={1}
        style={
          Object {
            "color": "#EEE5E9",
            "fontSize": 20,
          }
        }>
        keijo
      </Text>
    </View>
    <View
      style={
        Object {
          "alignItems": "center",
          "flex": 1,
        }
      }>
      <Text
        accessible={true}
        allowFontScaling={true}
        ellipsizeMode="tail"
        numberOfLines={1}
        style={
          Object {
            "color": "#EEE5E9",
            "fontSize": 20,
          }
        }>
        Pertti
      </Text>
    </View>
  </View>
  <View
    style={
      Object {
        "borderBottomWidth": 1,
        "borderColor": "#E65100",
        "flex": 1,
        "flexDirection": "row",
        "justifyContent": "space-between",
        "padding": 5,
      }
    }>
    <View
      style={
        Object {
          "alignItems": "flex-start",
          "flex": 1,
        }
      }>
      <Text
        accessible={true}
        allowFontScaling={true}
        ellipsizeMode="tail"
        numberOfLines={1}
        style={
          Object {
            "color": "#EEE5E9",
            "fontSize": 20,
          }
        }>
        1 (5)
      </Text>
    </View>
    <View
      style={
        Object {
          "alignItems": "center",
          "flex": 1,
        }
      }>
      <Text
        accessible={true}
        allowFontScaling={true}
        ellipsizeMode="tail"
        numberOfLines={1}
        style={
          Object {
            "color": "#EEE5E9",
            "fontSize": 20,
          }
        }>
        6
      </Text>
    </View>
    <View
      style={
        Object {
          "alignItems": "center",
          "flex": 1,
        }
      }>
      <Text
        accessible={true}
        allowFontScaling={true}
        ellipsizeMode="tail"
        numberOfLines={1}
        style={
          Object {
            "color": "#EEE5E9",
            "fontSize": 20,
          }
        }>
        5
      </Text>
    </View>
  </View>
  <View
    style={
      Object {
        "borderBottomWidth": 1,
        "borderColor": "#E65100",
        "flex": 1,
        "flexDirection": "row",
        "justifyContent": "space-between",
        "padding": 5,
      }
    }>
    <View
      style={
        Object {
          "alignItems": "flex-start",
          "flex": 1,
        }
      }>
      <Text
        accessible={true}
        allowFontScaling={true}
        ellipsizeMode="tail"
        numberOfLines={1}
        style={
          Object {
            "color": "#EEE5E9",
            "fontSize": 20,
          }
        }>
        2 (5)
      </Text>
    </View>
    <View
      style={
        Object {
          "alignItems": "center",
          "flex": 1,
        }
      }>
      <Text
        accessible={true}
        allowFontScaling={true}
        ellipsizeMode="tail"
        numberOfLines={1}
        style={
          Object {
            "color": "#EEE5E9",
            "fontSize": 20,
          }
        }>
        5
      </Text>
    </View>
    <View
      style={
        Object {
          "alignItems": "center",
          "flex": 1,
        }
      }>
      <Text
        accessible={true}
        allowFontScaling={true}
        ellipsizeMode="tail"
        numberOfLines={1}
        style={
          Object {
            "color": "#EEE5E9",
            "fontSize": 20,
          }
        }>
        5
      </Text>
    </View>
  </View>
  <View
    style={
      Object {
        "borderBottomWidth": 1,
        "borderColor": "#E65100",
        "flex": 1,
        "flexDirection": "row",
        "justifyContent": "space-between",
        "padding": 5,
      }
    }>
    <View
      style={
        Object {
          "alignItems": "flex-start",
          "flex": 1,
        }
      }>
      <Text
        accessible={true}
        allowFontScaling={true}
        ellipsizeMode="tail"
        numberOfLines={1}
        style={
          Object {
            "color": "#EEE5E9",
            "fontSize": 20,
          }
        }>
        (10)
      </Text>
    </View>
    <View
      style={
        Object {
          "alignItems": "center",
          "flex": 1,
        }
      }>
      <Text
        accessible={true}
        allowFontScaling={true}
        ellipsizeMode="tail"
        numberOfLines={1}
        style={
          Object {
            "color": "#EEE5E9",
            "fontSize": 20,
          }
        }>
        11 (+1)
      </Text>
    </View>
    <View
      style={
        Object {
          "alignItems": "center",
          "flex": 1,
        }
      }>
      <Text
        accessible={true}
        allowFontScaling={true}
        ellipsizeMode="tail"
        numberOfLines={1}
        style={
          Object {
            "color": "#EEE5E9",
            "fontSize": 20,
          }
        }>
        10 (0)
      </Text>
    </View>
  </View>
</ScrollView>
`;

exports[`Scorecard renders correctly Under par 1`] = `
<ScrollView
  dataSource={
    ListViewDataSource {
      "items": 2,
    }
  }
  initialListSize={10}
  onContentSizeChange={[Function]}
  onEndReachedThreshold={1000}
  onKeyboardDidHide={undefined}
  onKeyboardDidShow={undefined}
  onKeyboardWillHide={undefined}
  onKeyboardWillShow={undefined}
  onLayout={[Function]}
  onScroll={[Function]}
  pageSize={1}
  removeClippedSubviews={true}
  renderFooter={[Function]}
  renderHeader={[Function]}
  renderRow={[Function]}
  scrollEventThrottle={50}
  scrollRenderAheadDistance={1000}
  stickyHeaderIndices={Array []}
  style={
    Object {
      "backgroundColor": "#3E2723",
      "flex": 1,
      "paddingTop": 64,
    }
  }>
  <View
    style={
      Object {
        "borderBottomWidth": 1,
        "borderColor": "#E65100",
        "flex": 1,
        "flexDirection": "row",
        "justifyContent": "space-between",
        "padding": 5,
      }
    }>
    <View
      style={
        Object {
          "alignItems": "flex-start",
          "flex": 1,
        }
      }>
      <Text
        accessible={true}
        allowFontScaling={true}
        ellipsizeMode="tail"
        numberOfLines={1}
        style={
          Object {
            "color": "#EEE5E9",
            "fontSize": 20,
          }
        }>
        # (par)
      </Text>
    </View>
    <View
      style={
        Object {
          "alignItems": "center",
          "flex": 1,
        }
      }>
      <Text
        accessible={true}
        allowFontScaling={true}
        ellipsizeMode="tail"
        numberOfLines={1}
        style={
          Object {
            "color": "#EEE5E9",
            "fontSize": 20,
          }
        }>
        keijo
      </Text>
    </View>
    <View
      style={
        Object {
          "alignItems": "center",
          "flex": 1,
        }
      }>
      <Text
        accessible={true}
        allowFontScaling={true}
        ellipsizeMode="tail"
        numberOfLines={1}
        style={
          Object {
            "color": "#EEE5E9",
            "fontSize": 20,
          }
        }>
        Pertti
      </Text>
    </View>
  </View>
  <View
    style={
      Object {
        "borderBottomWidth": 1,
        "borderColor": "#E65100",
        "flex": 1,
        "flexDirection": "row",
        "justifyContent": "space-between",
        "padding": 5,
      }
    }>
    <View
      style={
        Object {
          "alignItems": "flex-start",
          "flex": 1,
        }
      }>
      <Text
        accessible={true}
        allowFontScaling={true}
        ellipsizeMode="tail"
        numberOfLines={1}
        style={
          Object {
            "color": "#EEE5E9",
            "fontSize": 20,
          }
        }>
        1 (5)
      </Text>
    </View>
    <View
      style={
        Object {
          "alignItems": "center",
          "flex": 1,
        }
      }>
      <Text
        accessible={true}
        allowFontScaling={true}
        ellipsizeMode="tail"
        numberOfLines={1}
        style={
          Object {
            "color": "#EEE5E9",
            "fontSize": 20,
          }
        }>
        4
      </Text>
    </View>
    <View
      style={
        Object {
          "alignItems": "center",
          "flex": 1,
        }
      }>
      <Text
        accessible={true}
        allowFontScaling={true}
        ellipsizeMode="tail"
        numberOfLines={1}
        style={
          Object {
            "color": "#EEE5E9",
            "fontSize": 20,
          }
        }>
        5
      </Text>
    </View>
  </View>
  <View
    style={
      Object {
        "borderBottomWidth": 1,
        "borderColor": "#E65100",
        "flex": 1,
        "flexDirection": "row",
        "justifyContent": "space-between",
        "padding": 5,
      }
    }>
    <View
      style={
        Object {
          "alignItems": "flex-start",
          "flex": 1,
        }
      }>
      <Text
        accessible={true}
        allowFontScaling={true}
        ellipsizeMode="tail"
        numberOfLines={1}
        style={
          Object {
            "color": "#EEE5E9",
            "fontSize": 20,
          }
        }>
        2 (5)
      </Text>
    </View>
    <View
      style={
        Object {
          "alignItems": "center",
          "flex": 1,
        }
      }>
      <Text
        accessible={true}
        allowFontScaling={true}
        ellipsizeMode="tail"
        numberOfLines={1}
        style={
          Object {
            "color": "#EEE5E9",
            "fontSize": 20,
          }
        }>
        5
      </Text>
    </View>
    <View
      style={
        Object {
          "alignItems": "center",
          "flex": 1,
        }
      }>
      <Text
        accessible={true}
        allowFontScaling={true}
        ellipsizeMode="tail"
        numberOfLines={1}
        style={
          Object {
            "color": "#EEE5E9",
            "fontSize": 20,
          }
        }>
        5
      </Text>
    </View>
  </View>
  <View
    style={
      Object {
        "borderBottomWidth": 1,
        "borderColor": "#E65100",
        "flex": 1,
        "flexDirection": "row",
        "justifyContent": "space-between",
        "padding": 5,
      }
    }>
    <View
      style={
        Object {
          "alignItems": "flex-start",
          "flex": 1,
        }
      }>
      <Text
        accessible={true}
        allowFontScaling={true}
        ellipsizeMode="tail"
        numberOfLines={1}
        style={
          Object {
            "color": "#EEE5E9",
            "fontSize": 20,
          }
        }>
        (10)
      </Text>
    </View>
    <View
      style={
        Object {
          "alignItems": "center",
          "flex": 1,
        }
      }>
      <Text
        accessible={true}
        allowFontScaling={true}
        ellipsizeMode="tail"
        numberOfLines={1}
        style={
          Object {
            "color": "#EEE5E9",
            "fontSize": 20,
          }
        }>
        9 (-1)
      </Text>
    </View>
    <View
      style={
        Object {
          "alignItems": "center",
          "flex": 1,
        }
      }>
      <Text
        accessible={true}
        allowFontScaling={true}
        ellipsizeMode="tail"
        numberOfLines={1}
        style={
          Object {
            "color": "#EEE5E9",
            "fontSize": 20,
          }
        }>
        10 (0)
      </Text>
    </View>
  </View>
</ScrollView>
`;
